// Jest Snapshot v1, https://goo.gl/fbAQLP

exports[`renders Waiting for players page after game load 1`] = `
<div>
  <div
    data-testid="waiting-for-players-screen"
    id="waiting"
  >
    <svg
      id="waiting-image"
    >
      ring-loading.svg
    </svg>
    <h1>
      Waiting for 
      1
       more players to join...
    </h1>
    <h1>
      Share this url to allow others to join: 
      http://localhost/
    </h1>
  </div>
</div>
`;
