// Jest Snapshot v1, https://goo.gl/fbAQLP

exports[`renders MapArea correctly 1`] = `
<div>
  <path
    class="area asdf"
    d="m290.11 1500.8c-4.6729-0.4934-9.3458 0.1624-14.019 5.8411-4.8027 6.2148-9.6054 9.2294-14.408 8.1776-0.94916 10.222-2.7467 20.024-11.293 26.48-3.1935 8.7399-6.0468 17.43-29.984 29.206-6.2904 6.2206-13.628 17.258-17.523 12.461-6.2305 9.5021-12.461 4.6929-18.692 3.5047-2.2881 4.5686-6.9356 8.8001-12.85 12.85-3.3845 5.4517-7.6286 10.903-3.5047 16.355 10.962-5.926 22.661-5.5889 34.657-2.7259 20.208-18.485 34.147-5.6269 49.455 0.3895 4.2621-2.58 8.5582-0.64 12.85 0.7788 5.6431-3.3903 11.569-11.026 16.745-7.3988 10.405-2.7721 27.959-29.412 45.171-6.6199 12.531-5.5762 23.899 1.6476 35.436 7.0093 8.1866 0.2949 15.696-5.2832 25.312 7.3988 3.8935-4.4586 8.4427-6.7315 10.903-15.966 2.5042-2.9854 1.8968-5.9709 1.947-8.9563-0.81875-3.1224-1.2079-6.3676 1.5576-10.514 0.40911-6.7424-3.1434-11.221-6.2305-15.966-2.7363-7.4822-4.333-15.666-0.38941-27.259 4.1203-5.3543-0.60387-9.9045-1.5576-14.798 0.0994-6.8248-1.7988-12.378-7.3988-15.576-4.0268 1.7448-10.346 3.2349-10.125 5.4517-8.8031 0.4472-17.878-1.2804-25.701 7.0094-9.138 0.2836-11.441 5.2993-14.019 10.125-12.738-2.6101-19.045-1.4022-15.187 5.8411-12.373-0.9009-19.218 1.336-12.461 11.293-6.4786 0.5039-14.548 0.5534-7.0093 5.0623-0.66607 6.0758-6.771 8.3445-12.461 10.904-4.1858-0.8751-6.8755 2.7381-10.125 4.6729l-7.0094 6.6199c-8.7194-5.0198-8.0348-3.2003-5.4517 0-6.4901 4.2662-12.98 5.7201-19.47 2.7259-12.461 0.3894-12.461 2.8556 0 7.3987-9.6167 4.3624-19.459 5.11-29.595 1.1682 1.8172-5.4517 6.4902-8.567 14.019-9.3458 1.1733-6.6734 9.2335-10.395 17.523-14.019-1.9722-12.485 4.9126-6.2726 7.3988-9.3458-0.85035-4.3596 2.9862-9.1453 7.7882-14.019-5.7049-3.8941 1.4033-7.7882 5.4517-11.682 5.4898-6.7156 11.525-12.476 19.081-15.576-2.5948-2.9855 0.53984-5.9709 1.1682-8.9564z"
    id="ANDRAST"
  />
  <circle
    cx="344.01829528808594"
    cy="1558.1712646484375"
    data-testid="circle"
    r="30"
    stroke="black"
    stroke-width="3"
  />
  <text
    class="areaUnits"
    dy=".3em"
    stroke="#eee"
    stroke-width="2px"
    text-anchor="middle"
    x="344.01829528808594"
    y="1558.1712646484375"
  >
    1
  </text>
</div>
`;
