// Jest Snapshot v1, https://goo.gl/fbAQLP

exports[`renders Risk correctly 1`] = `
<div>
  <div
    data-testid="game-type-selector"
    id="game-type-selector"
  >
    <h1
      id="game-type-selector--header"
    >
      Select Game Type
    </h1>
    <div
      id="game-type-selector--options"
    >
      <div
        class="game-type-selector--option"
      >
        <div
          class="radio-button-icon"
          id="game-type-selector--option_online"
        >
          <label
            class="radio-button-icon--container"
          >
            <input
              checked=""
              name="test"
              type="radio"
              value="online"
            />
            <svg
              aria-hidden="true"
              class="svg-inline--fa fa-globe fa-w-16 font-awesome-icon--checked"
              data-icon="globe"
              data-prefix="fas"
              data-testid="game-type-selector--option_online"
              focusable="false"
              role="img"
              viewBox="0 0 496 512"
              xmlns="http://www.w3.org/2000/svg"
            >
              <path
                d="M336.5 160C322 70.7 287.8 8 248 8s-74 62.7-88.5 152h177zM152 256c0 22.2 1.2 43.5 3.3 64h185.3c2.1-20.5 3.3-41.8 3.3-64s-1.2-43.5-3.3-64H155.3c-2.1 20.5-3.3 41.8-3.3 64zm324.7-96c-28.6-67.9-86.5-120.4-158-141.6 24.4 33.8 41.2 84.7 50 141.6h108zM177.2 18.4C105.8 39.6 47.8 92.1 19.3 160h108c8.7-56.9 25.5-107.8 49.9-141.6zM487.4 192H372.7c2.1 21 3.3 42.5 3.3 64s-1.2 43-3.3 64h114.6c5.5-20.5 8.6-41.8 8.6-64s-3.1-43.5-8.5-64zM120 256c0-21.5 1.2-43 3.3-64H8.6C3.2 212.5 0 233.8 0 256s3.2 43.5 8.6 64h114.6c-2-21-3.2-42.5-3.2-64zm39.5 96c14.5 89.3 48.7 152 88.5 152s74-62.7 88.5-152h-177zm159.3 141.6c71.4-21.2 129.4-73.7 158-141.6h-108c-8.8 56.9-25.6 107.8-50 141.6zM19.3 352c28.6 67.9 86.5 120.4 158 141.6-24.4-33.8-41.2-84.7-50-141.6h-108z"
                fill="currentColor"
              />
            </svg>
          </label>
        </div>
        <label>
          Online
        </label>
      </div>
      <div
        class="game-type-selector--option"
      >
        <div
          class="radio-button-icon"
          id="game-type-selector--option_local"
        >
          <label
            class="radio-button-icon--container"
          >
            <input
              name="test"
              type="radio"
              value="local"
            />
            <svg
              aria-hidden="true"
              class="svg-inline--fa fa-desktop fa-w-18 font-awesome-icon"
              data-icon="desktop"
              data-prefix="fas"
              data-testid="game-type-selector--option_local"
              focusable="false"
              role="img"
              viewBox="0 0 576 512"
              xmlns="http://www.w3.org/2000/svg"
            >
              <path
                d="M528 0H48C21.5 0 0 21.5 0 48v320c0 26.5 21.5 48 48 48h192l-16 48h-72c-13.3 0-24 10.7-24 24s10.7 24 24 24h272c13.3 0 24-10.7 24-24s-10.7-24-24-24h-72l-16-48h192c26.5 0 48-21.5 48-48V48c0-26.5-21.5-48-48-48zm-16 352H64V64h448v288z"
                fill="currentColor"
              />
            </svg>
          </label>
        </div>
        <label>
          Local
        </label>
      </div>
    </div>
    <button
      class="custom-button"
      data-testid="game-type-selector--button"
      id="game-type-selector--button"
    >
      Submit
    </button>
  </div>
</div>
`;
