// Jest Snapshot v1, https://goo.gl/fbAQLP

exports[`renders UnitMoveHandler correctly 1`] = `
<div>
  <div
    class="unit-maneuver-handler"
  >
    <div
      class="unit-maneuver-handler--input"
    >
      <label>
        label
      </label>
      <span
        class="react-numeric-input"
        style="position: relative; display: inline-block;"
      >
        <input
          class="number-selector"
          name="unitsToMove"
          pattern=".*"
          style="padding-right: 3ex; box-sizing: border-box; border: 1px solid #ccc; border-radius: 2px; padding-left: 4px; display: block; line-height: normal;"
          type="text"
          value="0"
        />
        <b
          style="position: absolute; right: 2px; width: 2.26ex; border-color: rgba(0,0,0,.1); border-style: solid; text-align: center; cursor: default; transition: all 0.1s; background: rgba(0, 0, 0, 0.1); box-shadow: -1px -1px 3px rgba(0,0,0,.1) inset,1px 1px 3px rgba(255,255,255,.7) inset; top: 2px; bottom: 50%; border-radius: 2px 2px 0 0; border-width: 1px 1px 0px 1px;"
        >
          <i
            style="position: absolute; top: 50%; left: 50%; width: 0px; height: 0px; border-width: 0px 0.6ex 0.6ex 0.6ex; border-color: transparent transparent rgba(0, 0, 0, 0.7); border-style: solid; margin: -0.3ex 0px 0px -0.56ex;"
          />
        </b>
        <b
          style="position: absolute; right: 2px; width: 2.26ex; border-color: rgba(0,0,0,.1); border-style: solid; text-align: center; cursor: default; transition: all 0.1s; background: rgba(0, 0, 0, 0.1); box-shadow: -1px -1px 3px rgba(0,0,0,.1) inset,1px 1px 3px rgba(255,255,255,.7) inset; top: 50%; bottom: 2px; border-radius: 0 0 2px 2px; border-width: 0px 1px 1px 1px;"
        >
          <i
            style="position: absolute; top: 50%; left: 50%; width: 0px; height: 0px; border-width: 0.6ex 0.6ex 0px 0.6ex; border-color: rgba(0, 0, 0, 0.7) transparent transparent; border-style: solid; margin: -0.3ex 0px 0px -0.56ex;"
          />
        </b>
      </span>
    </div>
    <button
      class="custom-button"
    >
      Move Units
    </button>
  </div>
</div>
`;
